// Jest Snapshot v1, https://goo.gl/fbAQLP

exports[`test 1 1`] = `
<div
  className="App"
>
  <div>
    <a
      href="/component"
      onClick={[Function]}
    >
      <p>
        Bootstrap
      </p>
    </a>
    <a
      href="/tailwind"
      onClick={[Function]}
    >
      <p>
        Tailwind
      </p>
    </a>
  </div>
</div>
`;
